
2025-12-14 11:28:40 - Email Sent
To: sezikeye50@gmail.com (SEZIKEYE Jado fils)
From: ExpertHub Provider
Subject: Regarding Order #ORD202512142626
Message: Hi duteteriana,

I'm starting work on your order #ORD202512146752. I'll keep you updated on the progress.

Best regards,
UKWITEGETSE Valens
---

2025-12-14 11:29:52 - Email Sent
To: dutete@gmail.com (duteteriana)
From: ExpertHub Provider
Subject: Regarding Order #ORD202512146752
Message: Hi duteteriana,

I need some clarification regarding your order #ORD202512146752. Could you please provide more details about your requirements?

Best regards,
UKWITEGETSE Valens
---

2025-12-14 11:34:41 - Email Sent
To: valens4607@gmail.com (duteterimana)
From: ExpertHub Provider
Subject: Regarding Order #ORD202512147739
Message: Hi duteterimana,

I need some clarification regarding your order #ORD202512147739. Could you please provide more details about your requirements?

Best regards,
UKWITEGETSE Valens
---

2025-12-14 11:37:31 - Email Sent
To: valens4607@gmail.com (duteterimana)
From: ExpertHub Provider
Subject: Regarding Order #ORD202512147739
Message: Hi duteterimana,

I need some clarification regarding your order #ORD202512147739. Could you please provide more details about your requirements?

Best regards,
UKWITEGETSE Valens
---
